          64        -128           0
       16384      -32768           0
  1073741824 -2147483648           0
          64         128           0
       16384       32768           0
  1073741824           0
          64        -128           0

           2           1           0
           2           1           0
           2           1           0
           2           1           0
           2           1           0
           2           1           0
           2           1           0
