          64        -128           1
       16384      -32768           1
  1073741824 -2147483648           1
          64         128           1
       16384       32768           1
          64        -128           1

           2           1        -128
           2           1      -32768
           2           1 -2147483648
           2           1         128
           2           1       32768
           2           1  1073741824
           2           1        -128
